test_no_keyword_requirement_is_preserved (tests.test_atomic_requirements.AtomicRequirements.test_no_keyword_requirement_is_preserved) ... ok
test_ambiguous_compound_is_refused_not_collapsed (tests.test_atomic_requirements.ClauseBoundCompiler.test_ambiguous_compound_is_refused_not_collapsed) ... ok
test_atoms_carry_stable_ids_and_full_provenance (tests.test_atomic_requirements.ClauseBoundCompiler.test_atoms_carry_stable_ids_and_full_provenance) ... ok
test_compound_distributive_clauses_yield_distinct_atoms (tests.test_atomic_requirements.ClauseBoundCompiler.test_compound_distributive_clauses_yield_distinct_atoms) ... ok
test_every_atom_traces_orphan_free (tests.test_atomic_requirements.ClauseBoundCompiler.test_every_atom_traces_orphan_free) ... ok
test_filler_goal_produces_no_package (tests.test_atomic_requirements.ClauseBoundCompiler.test_filler_goal_produces_no_package) ... ok
test_five_axis_route_is_not_authoritative (tests.test_atomic_requirements.ClauseBoundCompiler.test_five_axis_route_is_not_authoritative) ... ok
test_negation_keeps_polarity_and_distinct_atoms (tests.test_atomic_requirements.ClauseBoundCompiler.test_negation_keeps_polarity_and_distinct_atoms) ... ok
test_negative_fixture_old_classifier_falsely_collapsed (tests.test_atomic_requirements.ClauseBoundCompiler.test_negative_fixture_old_classifier_falsely_collapsed) ... ok
test_no_keyword_clauses_still_compile (tests.test_atomic_requirements.ClauseBoundCompiler.test_no_keyword_clauses_still_compile) ... ok
test_normative_claim_without_source_is_refused (tests.test_atomic_requirements.ClauseBoundCompiler.test_normative_claim_without_source_is_refused) ... ok
test_same_keyword_different_meaning_stays_distinct (tests.test_atomic_requirements.ClauseBoundCompiler.test_same_keyword_different_meaning_stays_distinct) ... ok
test_semantic_collapse_is_refused (tests.test_atomic_requirements.ClauseBoundCompiler.test_semantic_collapse_is_refused) ... ok
test_two_different_source_clauses_yield_distinct_locators (tests.test_atomic_requirements.ClauseBoundCompiler.test_two_different_source_clauses_yield_distinct_locators) ... ok
test_bind_pd_derives_real_repository_context (tests.test_atomic_requirements.RepoContextBinding.test_bind_pd_derives_real_repository_context) ... ok
test_forged_epoch_fresh_claim_is_refused (tests.test_atomic_requirements.RepoContextBinding.test_forged_epoch_fresh_claim_is_refused) ... ok
test_missing_repo_context_fails_closed (tests.test_atomic_requirements.RepoContextBinding.test_missing_repo_context_fails_closed) ... ok
test_non_git_root_degrades_and_discloses (tests.test_atomic_requirements.RepoContextBinding.test_non_git_root_degrades_and_discloses) ... ok
test_spoofed_fresh_claim_is_refused (tests.test_atomic_requirements.RepoContextBinding.test_spoofed_fresh_claim_is_refused) ... ok
test_stale_context_is_refused (tests.test_atomic_requirements.RepoContextBinding.test_stale_context_is_refused) ... ok
test_stale_git_context_is_refused (tests.test_atomic_requirements.RepoContextBinding.test_stale_git_context_is_refused) ... ok
test_tracked_files_exclude_vcs_internals (tests.test_atomic_requirements.RepoContextBinding.test_tracked_files_exclude_vcs_internals) ... ok
test_verified_snapshot_binds (tests.test_atomic_requirements.RepoContextBinding.test_verified_snapshot_binds) ... ok
test_writable_scope_is_reported_as_subset_check (tests.test_atomic_requirements.RepoContextBinding.test_writable_scope_is_reported_as_subset_check) ... ok

----------------------------------------------------------------------
Ran 24 tests in 10.090s

OK
