test_no_keyword_requirement_is_preserved (tests.test_atomic_requirements.AtomicRequirements.test_no_keyword_requirement_is_preserved) ... ok
test_ambiguous_compound_is_refused_not_collapsed (tests.test_atomic_requirements.ClauseBoundCompiler.test_ambiguous_compound_is_refused_not_collapsed) ... ok
test_atoms_carry_stable_ids_and_full_provenance (tests.test_atomic_requirements.ClauseBoundCompiler.test_atoms_carry_stable_ids_and_full_provenance) ... ok
test_compound_distributive_clauses_yield_distinct_atoms (tests.test_atomic_requirements.ClauseBoundCompiler.test_compound_distributive_clauses_yield_distinct_atoms) ... ok
test_every_atom_traces_orphan_free (tests.test_atomic_requirements.ClauseBoundCompiler.test_every_atom_traces_orphan_free) ... ok
test_filler_goal_produces_no_package (tests.test_atomic_requirements.ClauseBoundCompiler.test_filler_goal_produces_no_package) ... ok
test_five_axis_route_is_not_authoritative (tests.test_atomic_requirements.ClauseBoundCompiler.test_five_axis_route_is_not_authoritative) ... ok
test_negation_keeps_polarity_and_distinct_atoms (tests.test_atomic_requirements.ClauseBoundCompiler.test_negation_keeps_polarity_and_distinct_atoms) ... ok
test_negative_fixture_old_classifier_falsely_collapsed (tests.test_atomic_requirements.ClauseBoundCompiler.test_negative_fixture_old_classifier_falsely_collapsed) ... ok
test_no_keyword_clauses_still_compile (tests.test_atomic_requirements.ClauseBoundCompiler.test_no_keyword_clauses_still_compile) ... ok
test_normative_claim_without_source_is_refused (tests.test_atomic_requirements.ClauseBoundCompiler.test_normative_claim_without_source_is_refused) ... ok
test_same_keyword_different_meaning_stays_distinct (tests.test_atomic_requirements.ClauseBoundCompiler.test_same_keyword_different_meaning_stays_distinct) ... ok
test_semantic_collapse_is_refused (tests.test_atomic_requirements.ClauseBoundCompiler.test_semantic_collapse_is_refused) ... ok
test_two_different_source_clauses_yield_distinct_locators (tests.test_atomic_requirements.ClauseBoundCompiler.test_two_different_source_clauses_yield_distinct_locators) ... ok
test_bind_pd_derives_real_repository_context (tests.test_atomic_requirements.RepoContextBinding.test_bind_pd_derives_real_repository_context) ... ok
test_forged_epoch_fresh_claim_is_refused (tests.test_atomic_requirements.RepoContextBinding.test_forged_epoch_fresh_claim_is_refused) ... ok
test_missing_repo_context_fails_closed (tests.test_atomic_requirements.RepoContextBinding.test_missing_repo_context_fails_closed) ... ok
test_non_git_root_degrades_and_discloses (tests.test_atomic_requirements.RepoContextBinding.test_non_git_root_degrades_and_discloses) ... ok
test_spoofed_fresh_claim_is_refused (tests.test_atomic_requirements.RepoContextBinding.test_spoofed_fresh_claim_is_refused) ... ok
test_stale_context_is_refused (tests.test_atomic_requirements.RepoContextBinding.test_stale_context_is_refused) ... ok
test_stale_git_context_is_refused (tests.test_atomic_requirements.RepoContextBinding.test_stale_git_context_is_refused) ... ok
test_tracked_files_exclude_vcs_internals (tests.test_atomic_requirements.RepoContextBinding.test_tracked_files_exclude_vcs_internals) ... ok
test_verified_snapshot_binds (tests.test_atomic_requirements.RepoContextBinding.test_verified_snapshot_binds) ... ok
test_writable_scope_is_reported_as_subset_check (tests.test_atomic_requirements.RepoContextBinding.test_writable_scope_is_reported_as_subset_check) ... ok
test_malformed_json_is_typed (tests.test_cli_typed_errors.TypedErrorSurface.test_malformed_json_is_typed) ... ok
test_missing_input_file_is_typed (tests.test_cli_typed_errors.TypedErrorSurface.test_missing_input_file_is_typed) ... ok
test_non_object_json_is_typed (tests.test_cli_typed_errors.TypedErrorSurface.test_non_object_json_is_typed) ... ok
test_repair_without_authorized_root_does_not_crash (tests.test_cli_typed_errors.TypedErrorSurface.test_repair_without_authorized_root_does_not_crash) ... ok
test_usage_error_is_typed (tests.test_cli_typed_errors.TypedErrorSurface.test_usage_error_is_typed) ... ok
test_byte_level_hash_readback_matches (tests.test_evidence_manifest.EvidenceManifestSelfExclusion.test_byte_level_hash_readback_matches) ... ok
test_foreign_or_stale_manifest_is_refused (tests.test_evidence_manifest.EvidenceManifestSelfExclusion.test_foreign_or_stale_manifest_is_refused) ... ok
test_manifest_never_lists_itself_or_its_seal (tests.test_evidence_manifest.EvidenceManifestSelfExclusion.test_manifest_never_lists_itself_or_its_seal) ... ok
test_self_referential_manifest_is_refused (tests.test_evidence_manifest.EvidenceManifestSelfExclusion.test_self_referential_manifest_is_refused) ... ok
test_scan_finds_planted_dummy_patterns (tests.test_evidence_manifest.HistorySecretScanProjection.test_scan_finds_planted_dummy_patterns) ... ok
test_scan_prints_only_counts_and_status_codes (tests.test_evidence_manifest.HistorySecretScanProjection.test_scan_prints_only_counts_and_status_codes) ... ok
test_refuses_pass_when_a_hard_gate_row_is_fail (tests.test_evidence_md_guards.EvidenceMdHardGateRefusal.test_refuses_pass_when_a_hard_gate_row_is_fail) ... ok
test_test_counts_are_real_and_failures_are_named (tests.test_evidence_md_guards.EvidenceMdHardGateRefusal.test_test_counts_are_real_and_failures_are_named) ... ok
test_writes_only_when_every_hard_gate_passes (tests.test_evidence_md_guards.EvidenceMdHardGateRefusal.test_writes_only_when_every_hard_gate_passes) ... ok
test_cli_strict_refuses_stub (tests.test_host_projection.HostProjectionTests.test_cli_strict_refuses_stub)
The rewritten gate in --strict mode refuses MUT-HOST-STUB as delivered. ... ok
test_hosts_carry_field_contract_source_refs_compat_loss_nack (tests.test_host_projection.HostProjectionTests.test_hosts_carry_field_contract_source_refs_compat_loss_nack) ... ok
test_mut_empty_payload_refused (tests.test_host_projection.HostProjectionTests.test_mut_empty_payload_refused) ... ok
test_mut_host_stub_marker_only_refused (tests.test_host_projection.HostProjectionTests.test_mut_host_stub_marker_only_refused)
MUT-HOST-STUB: a marker-only stub must never count as an effective load. ... ok
test_mut_live_status_claim_refused (tests.test_host_projection.HostProjectionTests.test_mut_live_status_claim_refused) ... ok
test_mut_missing_field_refused (tests.test_host_projection.HostProjectionTests.test_mut_missing_field_refused) ... ok
test_mut_missing_required_mapping_refused (tests.test_host_projection.HostProjectionTests.test_mut_missing_required_mapping_refused) ... ok
test_mut_permission_widening_refused (tests.test_host_projection.HostProjectionTests.test_mut_permission_widening_refused) ... ok
test_mut_provider_off_refused (tests.test_host_projection.HostProjectionTests.test_mut_provider_off_refused)
Mutating the provider claim while the provider is off must FAIL. ... ok
test_mut_scope_widening_refused (tests.test_host_projection.HostProjectionTests.test_mut_scope_widening_refused) ... ok
test_mut_stale_source_refused (tests.test_host_projection.HostProjectionTests.test_mut_stale_source_refused) ... ok
test_mut_unsupported_host_refused (tests.test_host_projection.HostProjectionTests.test_mut_unsupported_host_refused) ... ok
test_semantic_parity_and_no_live_integration_claim (tests.test_host_projection.HostProjectionTests.test_semantic_parity_and_no_live_integration_claim) ... ok
test_three_host_projections_effective_load (tests.test_host_projection.HostProjectionTests.test_three_host_projections_effective_load) ... ok
test_typed_receiver_map_and_object_crosswalk_payloads (tests.test_host_projection.HostProjectionTests.test_typed_receiver_map_and_object_crosswalk_payloads) ... ok
test_claim_ceiling_rejects_conflicting_claims (tests.test_negative_and_rollback.TestNegative.test_claim_ceiling_rejects_conflicting_claims) ... ok
test_execution_binding_ack_requires_receiver_binding (tests.test_negative_and_rollback.TestNegative.test_execution_binding_ack_requires_receiver_binding) ... ok
test_genie_projection_ref_must_cover_targets (tests.test_negative_and_rollback.TestNegative.test_genie_projection_ref_must_cover_targets) ... ok
test_intake_rejects_unknown_source (tests.test_negative_and_rollback.TestNegative.test_intake_rejects_unknown_source) ... ok
test_repair_requires_scope_and_no_self_accept (tests.test_negative_and_rollback.TestNegative.test_repair_requires_scope_and_no_self_accept) ... ok
test_secret_scan_blocks_export (tests.test_negative_and_rollback.TestNegative.test_secret_scan_blocks_export) ... ok
test_workorder_candidate_must_be_candidate_only (tests.test_negative_and_rollback.TestNegative.test_workorder_candidate_must_be_candidate_only) ... ok
test_repair_subject_must_also_be_inside_the_authorised_root (tests.test_negative_and_rollback.TestRollback.test_repair_subject_must_also_be_inside_the_authorised_root)
A real defect found by the S2 golden pilot GP-03 negative set. ... ok
test_rollback_pointer_is_a_real_git_commit (tests.test_negative_and_rollback.TestRollback.test_rollback_pointer_is_a_real_git_commit) ... ok
test_semantic_diff_flags_schema_change (tests.test_negative_and_rollback.TestRollback.test_semantic_diff_flags_schema_change) ... ok
test_calibration_negative_keeps_a_genuine_prohibition (tests.test_oracle_disagreement.OracleDisagreementR3.test_calibration_negative_keeps_a_genuine_prohibition) ... ok
test_entry_records_both_positions_with_locators (tests.test_oracle_disagreement.OracleDisagreementR3.test_entry_records_both_positions_with_locators) ... ok
test_resolved_by_the_authorised_source_without_rewriting (tests.test_oracle_disagreement.OracleDisagreementR3.test_resolved_by_the_authorised_source_without_rewriting) ... ok
test_tt_row_registered_with_owner_state_and_close_criterion (tests.test_oracle_disagreement.OracleDisagreementR3.test_tt_row_registered_with_owner_state_and_close_criterion) ... ok
test_committed_disposition_report_has_a_decision_for_every_source (tests.test_quarantine_review.QuarantineDispositionR3.test_committed_disposition_report_has_a_decision_for_every_source) ... ok
test_edge_undecided_item_stays_quarantined (tests.test_quarantine_review.QuarantineDispositionR3.test_edge_undecided_item_stays_quarantined) ... ok
test_loss_record_covers_the_necessary_sources (tests.test_quarantine_review.QuarantineDispositionR3.test_loss_record_covers_the_necessary_sources) ... ok
test_negative_malicious_sample_is_not_released (tests.test_quarantine_review.QuarantineDispositionR3.test_negative_malicious_sample_is_not_released) ... ok
test_no_false_positive_release_proof_is_recorded (tests.test_quarantine_review.QuarantineDispositionR3.test_no_false_positive_release_proof_is_recorded) ... ok
test_positive_harmless_example_is_released_with_a_safe_clean_record (tests.test_quarantine_review.QuarantineDispositionR3.test_positive_harmless_example_is_released_with_a_safe_clean_record) ... ok
test_every_quarantined_source_is_covered (tests.test_quarantine_review.QuarantineReview.test_every_quarantined_source_is_covered) ... ok
test_no_live_secret_suspect_is_waved_through (tests.test_quarantine_review.QuarantineReview.test_no_live_secret_suspect_is_waved_through) ... ok
test_review_does_not_disable_any_control (tests.test_quarantine_review.QuarantineReview.test_review_does_not_disable_any_control) ... ok
test_unanchored_key_pattern_really_matches_an_identifier_tail (tests.test_quarantine_review.QuarantineReview.test_unanchored_key_pattern_really_matches_an_identifier_tail) ... ok
test_a_twentieth_family_is_rejected (tests.test_s0_contracts.TestS0Contracts.test_a_twentieth_family_is_rejected) ... ok
test_every_schema_is_draft_2020_12_and_closed (tests.test_s0_contracts.TestS0Contracts.test_every_schema_is_draft_2020_12_and_closed) ... ok
test_exact_19_identity_and_order (tests.test_s0_contracts.TestS0Contracts.test_exact_19_identity_and_order) ... ok
test_negative_missing_schema_file_is_rejected (tests.test_s0_contracts.TestS0Contracts.test_negative_missing_schema_file_is_rejected) ... ok
test_registry_fields_are_enforced_by_schema (tests.test_s0_contracts.TestS0Contracts.test_registry_fields_are_enforced_by_schema) ... ok
test_seam_only_materialization (tests.test_s0_contracts.TestS0Contracts.test_seam_only_materialization) ... ok
test_all_19_are_field_exact (tests.test_s0_contracts.TestS0Reconciliation.test_all_19_are_field_exact) ... ok
test_extra_schema_family_is_refused (tests.test_s0_contracts.TestS0Reconciliation.test_extra_schema_family_is_refused) ... ok
test_required_field_removal_is_refused (tests.test_s0_contracts.TestS0Reconciliation.test_required_field_removal_is_refused) ... ok
test_version_id_mismatch_is_refused (tests.test_s0_contracts.TestS0Reconciliation.test_version_id_mismatch_is_refused) ... ok
test_wrong_owner_or_consumer_is_refused (tests.test_s0_contracts.TestS0Reconciliation.test_wrong_owner_or_consumer_is_refused) ... ok
test_claim_ceiling_blocks_escalation (tests.test_s1_lite_slice.TestLiteSlice.test_claim_ceiling_blocks_escalation) ... ok
test_maker_cannot_be_checker (tests.test_s1_lite_slice.TestLiteSlice.test_maker_cannot_be_checker) ... ok
test_pd_without_repo_context_fails_closed (tests.test_s1_lite_slice.TestLiteSlice.test_pd_without_repo_context_fails_closed) ... ok
test_slice_is_replay_deterministic (tests.test_s1_lite_slice.TestLiteSlice.test_slice_is_replay_deterministic) ... ok
test_slice_records_satisfy_their_schemas (tests.test_s1_lite_slice.TestLiteSlice.test_slice_records_satisfy_their_schemas) ... ok
test_slice_runs_and_binds (tests.test_s1_lite_slice.TestLiteSlice.test_slice_runs_and_binds) ... ok
test_trace_closure_has_no_orphans (tests.test_s1_lite_slice.TestLiteSlice.test_trace_closure_has_no_orphans) ... ok
test_bearer_class_covers_standard_base64 (tests.test_secret_patterns.TestSecretPatterns.test_bearer_class_covers_standard_base64)
The gap that motivated this test: + and / are legal bearer-token characters. ... ok
test_bearer_still_requires_a_real_token (tests.test_secret_patterns.TestSecretPatterns.test_bearer_still_requires_a_real_token)
Widening must not turn the pattern into a blanket header match. ... ok
test_every_pattern_matches_its_sample (tests.test_secret_patterns.TestSecretPatterns.test_every_pattern_matches_its_sample) ... ok
test_no_pattern_matches_ordinary_prose (tests.test_secret_patterns.TestSecretPatterns.test_no_pattern_matches_ordinary_prose) ... ok
test_duplicate_skill_name_is_refused (tests.test_skill_contracts.SkillContracts.test_duplicate_skill_name_is_refused) ... ok
test_exact_eight_discover_load_route (tests.test_skill_contracts.SkillContracts.test_exact_eight_discover_load_route) ... ok
test_marker_only_pack_is_refused (tests.test_skill_contracts.SkillContracts.test_marker_only_pack_is_refused) ... ok
test_missing_input_schema_is_refused (tests.test_skill_contracts.SkillContracts.test_missing_input_schema_is_refused) ... ok
test_missing_output_schema_is_refused (tests.test_skill_contracts.SkillContracts.test_missing_output_schema_is_refused) ... ok
test_ninth_entry_is_refused (tests.test_skill_contracts.SkillContracts.test_ninth_entry_is_refused) ... ok
test_every_candidate_has_a_rejected_negative_fixture (tests.test_technology_admission.TechnologyAdmissionContract.test_every_candidate_has_a_rejected_negative_fixture) ... ok
test_schema_covers_the_source_design_record (tests.test_technology_admission.TechnologyAdmissionContract.test_schema_covers_the_source_design_record) ... ok
test_schema_is_typed_not_wildcard (tests.test_technology_admission.TechnologyAdmissionContract.test_schema_is_typed_not_wildcard) ... ok
test_source_pin_gate_is_honestly_partial_not_pass (tests.test_technology_admission.TechnologyAdmissionContract.test_source_pin_gate_is_honestly_partial_not_pass) ... ok
test_twenty_two_rulings_present_and_valid (tests.test_technology_admission.TechnologyAdmissionContract.test_twenty_two_rulings_present_and_valid) ... ok
test_every_row_carries_every_required_column (tests.test_technology_admission.TechnologyAdmissionRepair.test_every_row_carries_every_required_column) ... ok
test_mut_tech_pin_is_refused_and_named (tests.test_technology_admission.TechnologyAdmissionRepair.test_mut_tech_pin_is_refused_and_named) ... ok
test_no_non_adopt_row_is_reported_active (tests.test_technology_admission.TechnologyAdmissionRepair.test_no_non_adopt_row_is_reported_active) ... ok
test_non_adopt_row_reported_active_is_refused (tests.test_technology_admission.TechnologyAdmissionRepair.test_non_adopt_row_reported_active_is_refused) ... ok
test_positive_fully_pinned_adopt_row_passes (tests.test_technology_admission.TechnologyAdmissionRepair.test_positive_fully_pinned_adopt_row_passes) ... ok
test_unknown_licence_activation_is_blocked (tests.test_technology_admission.TechnologyAdmissionRepair.test_unknown_licence_activation_is_blocked) ... ok
test_cli_smoke_runs (tests.test_tooling_executes.TestToolingExecutes.test_cli_smoke_runs)
The 13-command CLI surface must actually execute, not just import. ... ok
test_every_module_compiles (tests.test_tooling_executes.TestToolingExecutes.test_every_module_compiles) ... ok
test_every_test_file_bootstraps_sys_path (tests.test_tooling_executes.TestToolingExecutes.test_every_test_file_bootstraps_sys_path)
No test file may depend on a sibling importing src/ first. ... ok
test_export_manifest_has_no_vcs_paths (tests.test_tooling_executes.TestToolingExecutes.test_export_manifest_has_no_vcs_paths) ... ok
test_no_read_text_receives_newline (tests.test_tooling_executes.TestToolingExecutes.test_no_read_text_receives_newline)
Pin the specific defect: Path.read_text takes no `newline` keyword. ... ok
test_tracked_file_metric_excludes_vcs_internals (tests.test_tooling_executes.TestToolingExecutes.test_tracked_file_metric_excludes_vcs_internals)
Pin the oracle for `_tracked_file_count` in BOTH subjects it must serve (R2-E2). ... ok
test_cli_strict_refuses_wrongset (tests.test_web_pack.WebProjectionTests.test_cli_strict_refuses_wrongset)
The rewritten gate in --strict mode refuses MUT-WEB-WRONGSET as delivered. ... ok
test_content_derived_from_canonical_objects_not_free_text (tests.test_web_pack.WebProjectionTests.test_content_derived_from_canonical_objects_not_free_text)
Cross-check derivation with independent parsing, not via the projector. ... ok
test_docs_carry_source_objects_schema_version_hash_loss_nack (tests.test_web_pack.WebProjectionTests.test_docs_carry_source_objects_schema_version_hash_loss_nack) ... ok
test_exact_semantic_documents_not_site_ui (tests.test_web_pack.WebProjectionTests.test_exact_semantic_documents_not_site_ui) ... ok
test_mut_denominator_leak_refused (tests.test_web_pack.WebProjectionTests.test_mut_denominator_leak_refused) ... ok
test_mut_empty_payload_refused (tests.test_web_pack.WebProjectionTests.test_mut_empty_payload_refused) ... ok
test_mut_free_text_content_refused (tests.test_web_pack.WebProjectionTests.test_mut_free_text_content_refused)
Keep the meta block, replace the derived body: content must not be free text. ... ok
test_mut_missing_field_refused (tests.test_web_pack.WebProjectionTests.test_mut_missing_field_refused) ... ok
test_mut_scope_widening_refused (tests.test_web_pack.WebProjectionTests.test_mut_scope_widening_refused) ... ok
test_mut_web_wrongset_extra_file_is_projection_leak (tests.test_web_pack.WebProjectionTests.test_mut_web_wrongset_extra_file_is_projection_leak) ... ok
test_mut_web_wrongset_missing_document_refused (tests.test_web_pack.WebProjectionTests.test_mut_web_wrongset_missing_document_refused) ... ok
test_mut_web_wrongset_ui_files_cannot_pass (tests.test_web_pack.WebProjectionTests.test_mut_web_wrongset_ui_files_cannot_pass)
MUT-WEB-WRONGSET: the site UI five files can never be the Web pack (R-AUD-003). ... ok
test_optional_site_ui_excluded_from_web_denominator (tests.test_web_pack.WebProjectionTests.test_optional_site_ui_excluded_from_web_denominator) ... ok
test_projection_ir_traceable_to_object_schema_version_hash (tests.test_web_pack.WebProjectionTests.test_projection_ir_traceable_to_object_schema_version_hash) ... ok
test_regeneration_is_byte_deterministic (tests.test_web_pack.WebProjectionTests.test_regeneration_is_byte_deterministic) ... ok
test_stale_source_is_regenerated (tests.test_web_pack.WebProjectionTests.test_stale_source_is_regenerated) ... ok

----------------------------------------------------------------------
Ran 138 tests in 36.774s

OK
{
 "error": "HARD_GATE_FAIL",
 "verdict": "FAIL",
 "refusal": "the acceptance evidence MD is NOT generated: a hard gate row is FAIL and this tool refuses to print PASS (or bury a hard FAIL behind a percentage). The failing rows are listed verbatim below.",
 "hard_gates": [
  {
   "id": "G-TESTS-UNIT-SUITE",
   "state": "FAIL",
   "evidence": "unittest discover: Ran 47 tests, failures 2, errors 1; failing: tests.test_alpha.TestAlpha.test_one, tests.test_s0_contracts.TestS0Contracts.test_two, tests.test_beta.TestBeta.test_three"
  },
  {
   "id": "G-S0-CONTRACTS-19",
   "state": "FAIL",
   "evidence": "failing S0 tests: tests.test_s0_contracts.TestS0Contracts.test_two"
  },
  {
   "id": "G-S1-LITE-SLICE",
   "state": "PASS",
   "evidence": "trace_verdict=PASS, artifact_validation=PASS"
  },
  {
   "id": "G-CLI-SMOKE-13",
   "state": "PASS",
   "evidence": "13/13 commands, nonzero_exit=0, verdicts={'init': 'PASS'}"
  },
  {
   "id": "G-KNOWLEDGE-READY",
   "state": "PASS",
   "evidence": "KNOWLEDGE_READY_REPORT verdict=PASS, clean_coverage=True"
  },
  {
   "id": "G-EVIDENCE-MANIFEST",
   "state": "PASS",
   "evidence": "evidence_manifest sha256=aaaaaaaaaaaaaaaaaaaaaaaaaaaaaaaaaaaaaaaaaaaaaaaaaaaaaaaaaaaaaaaa"
  }
 ],
 "failing_rows": [
  "G-TESTS-UNIT-SUITE",
  "G-S0-CONTRACTS-19"
 ]
}
{
 "out": "C:\\Users\\user\\AppData\\Local\\Temp\\tmpaqrn_10p\\EVIDENCE.md",
 "bytes": 8410,
 "sha256": "b260d9b3ca76abef92dd7e95c8997016214dda7e6c7f307d26d9a9e8afa4e82c",
 "head": "0000000000000000000000000000000000000000",
 "verdict": "PASS",
 "hard_gates": [
  "G-TESTS-UNIT-SUITE",
  "G-S0-CONTRACTS-19",
  "G-S1-LITE-SLICE",
  "G-CLI-SMOKE-13",
  "G-KNOWLEDGE-READY",
  "G-EVIDENCE-MANIFEST"
 ]
}
{
 "verdict": "PASS",
 "hard_gates": [
  {
   "id": "G-TESTS-UNIT-SUITE",
   "state": "PASS",
   "evidence": "unittest discover: Ran 47 tests, failures 0, errors 0"
  },
  {
   "id": "G-S0-CONTRACTS-19",
   "state": "PASS",
   "evidence": "tests/test_s0_contracts.py green in the recorded run"
  },
  {
   "id": "G-S1-LITE-SLICE",
   "state": "PASS",
   "evidence": "trace_verdict=PASS, artifact_validation=PASS"
  },
  {
   "id": "G-CLI-SMOKE-13",
   "state": "PASS",
   "evidence": "13/13 commands, nonzero_exit=0, verdicts={'init': 'PASS'}"
  },
  {
   "id": "G-KNOWLEDGE-READY",
   "state": "PASS",
   "evidence": "KNOWLEDGE_READY_REPORT verdict=PASS, clean_coverage=True"
  },
  {
   "id": "G-EVIDENCE-MANIFEST",
   "state": "PASS",
   "evidence": "evidence_manifest sha256=aaaaaaaaaaaaaaaaaaaaaaaaaaaaaaaaaaaaaaaaaaaaaaaaaaaaaaaaaaaaaaaa"
  }
 ]
}
